SQL> clear screen

SQL> select sysdate from dual;

SYSDATE                                                                         
--------                                                                        
19/12/03                                                                        

SQL> select to_char(sysdate,'yy-MM-dd hh:mi:ss') from dual;

TO_CHAR(SYSDATE,'YY-MM-DDHH:MI:SS'                                              
----------------------------------                                              
19-12-03 02:21:21                                                               

SQL> select to_char(sysdate,'yyyy-MM-dd h:mi:ss') from dual;
select to_char(sysdate,'yyyy-MM-dd h:mi:ss') from dual
                       *
1행에 오류:
ORA-01821: 날짜 형식이 부적합합니다 


SQL> select to_char(sysdate,'yyyy-MM-dd hh24:mi:ss') from dual;

TO_CHAR(SYSDATE,'YYYY-MM-DDHH24:MI:SS'                                          
--------------------------------------                                          
2019-12-03 14:22:12                                                             

SQL> select to_char(sysdate,'yyyy-mon-dd hh24:mi:ss') from dual;

TO_CHAR(SYSDATE,'YYYY-MON-DDHH24:MI:SS')                                        
--------------------------------------------------                              
2019-12월-03 14:22:50                                                           

SQL> select to_char(sysdate,'hh24:mi:ss') from dual;

TO_CHAR(SYSDATE,                                                                
----------------                                                                
14:23:07                                                                        

SQL> select to_char(sysdate,'yyyy-mon-dd day hh24:mi:ss') from dual;

TO_CHAR(SYSDATE,'YYYY-MON-DDDAYHH24:MI:SS')                                     
----------------------------------------------------------------------------    
2019-12월-03 화요일 14:23:46                                                    

SQL> select to_char(sysdate,'yyyy-mon-dd dy hh24:mi:ss') from dual;

TO_CHAR(SYSDATE,'YYYY-MON-DDDYHH24:MI:SS')                                      
------------------------------------------------------------                    
2019-12월-03 화 14:23:52                                                        

SQL> select 10000 from dual;

     10000                                                                      
----------                                                                      
     10000                                                                      

SQL> select to_char(10000,'0,000') from dual;

TO_CHAR(1000                                                                    
------------                                                                    
######                                                                          

SQL> select to_char(10000,'9,999') from dual;

TO_CHAR(1000                                                                    
------------                                                                    
######                                                                          

SQL> select to_char(10000,'9,999') as "원단위로 출력" from dual;

원단위로 출                                                                     
------------                                                                    
######                                                                          

SQL> select to_char(10000,'99,999') as "원단위로 출력" from dual;

원단위로 출력                                                                   
--------------                                                                  
 10,000                                                                         

SQL> select to_char(10000,'00,000') as "원단위로 출력" from dual;

원단위로 출력                                                                   
--------------                                                                  
 10,000                                                                         

SQL> select to_char(10000,'99,999') as "원단위로 출력" from dual;

원단위로 출력                                                                   
--------------                                                                  
 10,000                                                                         

SQL> select to_char(10000,'000,000') as "원단위로 출력" from dual;

원단위로 출력                                                                   
----------------                                                                
 010,000                                                                        

SQL> select to_char(10000,'999,999') as "원단위로 출력" from dual;

원단위로 출력                                                                   
----------------                                                                
  10,000                                                                        

SQL> select to_char(10000,'000,000.00') as "원단위로 출력" from dual;

원단위로 출력                                                                   
----------------------                                                          
 010,000.00                                                                     

SQL> select to_char(10000,'999,999.99') as "원단위로 출력" from dual;

원단위로 출력                                                                   
----------------------                                                          
  10,000.00                                                                     

SQL> select to_char(10000.01,'000,000.00') as "원단위로 출력" from dual;

원단위로 출력                                                                   
----------------------                                                          
 010,000.01                                                                     

SQL> select to_char(10000.01,'999,999.99') as "원단위로 출력" from dual;

원단위로 출력                                                                   
----------------------                                                          
  10,000.01                                                                     

SQL> select to_char(10000.012,'000,000.00') as "원단위로 출력" from dual;

원단위로 출력                                                                   
----------------------                                                          
 010,000.01                                                                     

SQL> select to_char(10000.012,'999,999.99') as "원단위로 출력" from dual;

원단위로 출력                                                                   
----------------------                                                          
  10,000.01                                                                     

SQL> select to_char(10000.1,'000,000.00') as "원단위로 출력" from dual;

원단위로 출력                                                                   
----------------------                                                          
 010,000.10                                                                     

SQL> select to_char(10000.1,'999,999.99') as "원단위로 출력" from dual;

원단위로 출력                                                                   
----------------------                                                          
  10,000.10                                                                     

SQL> select to_char(10000.1,'999,999.9999') as "원단위로 출력" from dual;

원단위로 출력                                                                   
--------------------------                                                      
  10,000.1000                                                                   

SQL> select to_char(1000000,'999,999') from dual;

TO_CHAR(1000000,                                                                
----------------                                                                
########                                                                        

SQL> select to_char(1000000,'999,999,999') from dual;

TO_CHAR(1000000,'999,999                                                        
------------------------                                                        
   1,000,000                                                                    

SQL> select to_char(1000000,'999,999,999,999,999') from dual;

TO_CHAR(1000000,'999,999,999,999,999')                                          
----------------------------------------                                        
           1,000,000                                                            

SQL> select to_char(1000000,'9,999,999,999') from dual;

TO_CHAR(1000000,'9,999,999,9                                                    
----------------------------                                                    
     1,000,000                                                                  

SQL> select to_char(1000000,'L9,999,999,999') from dual;

TO_CHAR(1000000,'L9,999,999,999')                                               
------------------------------------------------                                
            ￦1,000,000                                                         

SQL> select to_char(1000000,'$9,999,999,999') from dual;

TO_CHAR(1000000,'$9,999,999,99                                                  
------------------------------                                                  
     $1,000,000                                                                 

SQL> select to_char(1000000,'s9,999,999,999') from dual;

TO_CHAR(1000000,'S9,999,999,                                                    
----------------------------                                                    
    +1,000,000                                                                  

SQL> select to_char(-1000000,'s9,999,999,999') from dual;

TO_CHAR(-1000000,'S9,999,999                                                    
----------------------------                                                    
    -1,000,000                                                                  

SQL> select to_char(1000000,'s9,999,999,999') from dual;

TO_CHAR(1000000,'S9,999,999,                                                    
----------------------------                                                    
    +1,000,000                                                                  

SQL> select 1000+100 from dual;

  1000+100                                                                      
----------                                                                      
      1100                                                                      

SQL> select '1000' from dual;

'1000'                                                                          
--------                                                                        
1000                                                                            

SQL> select to_number('1000') from dual;

TO_NUMBER('1000')                                                               
-----------------                                                               
             1000                                                               

SQL> select to_number('1000')+100 from dual;

TO_NUMBER('1000')+100                                                           
---------------------                                                           
                 1100                                                           

SQL> select to_number('1,000')+100 from dual;
select to_number('1,000')+100 from dual
                 *
1행에 오류:
ORA-01722: 수치가 부적합합니다 


SQL> select to_number('1,000','9,999')+100 from dual;

TO_NUMBER('1,000','9,999')+100                                                  
------------------------------                                                  
                          1100                                                  

SQL> select to_number('1,000.12','9,999')+100 from dual;
select to_number('1,000.12','9,999')+100 from dual
                 *
1행에 오류:
ORA-01722: 수치가 부적합합니다 


SQL> select to_number('1,000.12','9,999.99')+100 from dual;

TO_NUMBER('1,000.12','9,999.99')+100                                            
------------------------------------                                            
                             1100.12                                            

SQL> select '201203' from dual;

'201203'                                                                        
------------                                                                    
201203                                                                          

SQL> select '20/12/03' from dual;

'20/12/03'                                                                      
----------------                                                                
20/12/03                                                                        

SQL> select sysdate-'20/12/01' from dual;
select sysdate-'20/12/01' from dual
               *
1행에 오류:
ORA-01722: 수치가 부적합합니다 


SQL> create table temp01(
  2  nalja date
  3  );

테이블이 생성되었습니다.

SQL> insert into temp01 values (sysdate);

1 개의 행이 만들어졌습니다.

SQL> select * from temp01;

NALJA                                                                           
--------                                                                        
19/12/03                                                                        

SQL> insert into temp01 values ('2019/12/02');

1 개의 행이 만들어졌습니다.

SQL> insert into temp01 values ('19/12/02');

1 개의 행이 만들어졌습니다.

SQL> select * from temp01;

NALJA                                                                           
--------                                                                        
19/12/03                                                                        
19/12/02                                                                        
19/12/02                                                                        

SQL> insert into temp01 values ('19-12-01');

1 개의 행이 만들어졌습니다.

SQL> select * from temp01;

NALJA                                                                           
--------                                                                        
19/12/03                                                                        
19/12/02                                                                        
19/12/02                                                                        
19/12/01                                                                        

SQL> insert into temp01 values ('191201');
insert into temp01 values ('191201')
                           *
1행에 오류:
ORA-01861: 리터럴이 형식 문자열과 일치하지 않음 


SQL> insert into temp01 values ('20191201');

1 개의 행이 만들어졌습니다.

SQL> insert into temp01 values (to_date('191201','yyMMdd'));

1 개의 행이 만들어졌습니다.

SQL> select * from temp01;

NALJA                                                                           
--------                                                                        
19/12/03                                                                        
19/12/02                                                                        
19/12/02                                                                        
19/12/01                                                                        
19/12/01                                                                        
19/12/01                                                                        

6 개의 행이 선택되었습니다.

SQL> insert into temp01 values (to_date('1201','MMdd'));

1 개의 행이 만들어졌습니다.

SQL> select * from temp01;

NALJA                                                                           
--------                                                                        
19/12/03                                                                        
19/12/02                                                                        
19/12/02                                                                        
19/12/01                                                                        
19/12/01                                                                        
19/12/01                                                                        
19/12/01                                                                        

7 개의 행이 선택되었습니다.

SQL> select * from emp;

     EMPNO ENAME  JOB                       MGR HIREDATE   SAL       COMM       
---------- ------ ------------------ ---------- -------- ----- ----------       
         DEPTNO                                                                 
---------------                                                                 
      7369 SMITH  CLERK                    7902 80/12/17   800                  
             20                                                                 
                                                                                
      7499 ALLEN  SALESMAN                 7698 81/02/20  1600        300       
             30                                                                 
                                                                                
      7521 WARD   SALESMAN                 7698 81/02/22  1250        500       
             30                                                                 

     EMPNO ENAME  JOB                       MGR HIREDATE   SAL       COMM       
---------- ------ ------------------ ---------- -------- ----- ----------       
         DEPTNO                                                                 
---------------                                                                 
                                                                                
      7566 JONES  MANAGER                  7839 81/04/02  2975                  
             20                                                                 
                                                                                
      7654 MARTIN SALESMAN                 7698 81/09/28  1250       1400       
             30                                                                 
                                                                                
      7698 BLAKE  MANAGER                  7839 81/05/01  2850                  

     EMPNO ENAME  JOB                       MGR HIREDATE   SAL       COMM       
---------- ------ ------------------ ---------- -------- ----- ----------       
         DEPTNO                                                                 
---------------                                                                 
             30                                                                 
                                                                                
      7782 CLARK  MANAGER                  7839 81/06/09  2450                  
             10                                                                 
                                                                                
      7788 SCOTT  ANALYST                  7566 87/04/19  3000                  
             20                                                                 
                                                                                

     EMPNO ENAME  JOB                       MGR HIREDATE   SAL       COMM       
---------- ------ ------------------ ---------- -------- ----- ----------       
         DEPTNO                                                                 
---------------                                                                 
      7839 KING   PRESIDENT                     81/11/17  5000                  
             10                                                                 
                                                                                
      7844 TURNER SALESMAN                 7698 81/09/08  1500          0       
             30                                                                 
                                                                                
      7876 ADAMS  CLERK                    7788 87/05/23  1100                  
             20                                                                 

     EMPNO ENAME  JOB                       MGR HIREDATE   SAL       COMM       
---------- ------ ------------------ ---------- -------- ----- ----------       
         DEPTNO                                                                 
---------------                                                                 
                                                                                
      7900 JAMES  CLERK                    7698 81/12/03   950                  
             30                                                                 
                                                                                
      7902 FORD   ANALYST                  7566 81/12/03  3000                  
             20                                                                 
                                                                                
      7934 MILLER CLERK                    7782 82/01/23  1300                  

     EMPNO ENAME  JOB                       MGR HIREDATE   SAL       COMM       
---------- ------ ------------------ ---------- -------- ----- ----------       
         DEPTNO                                                                 
---------------                                                                 
             10                                                                 
                                                                                

14 개의 행이 선택되었습니다.

SQL> select ename,sal,comm from emp;

ENAME    SAL       COMM                                                         
------ ----- ----------                                                         
SMITH    800                                                                    
ALLEN   1600        300                                                         
WARD    1250        500                                                         
JONES   2975                                                                    
MARTIN  1250       1400                                                         
BLAKE   2850                                                                    
CLARK   2450                                                                    
SCOTT   3000                                                                    
KING    5000                                                                    
TURNER  1500          0                                                         

ENAME    SAL       COMM                                                         
------ ----- ----------                                                         
ADAMS   1100                                                                    
JAMES    950                                                                    
FORD    3000                                                                    
MILLER  1300                                                                    

14 개의 행이 선택되었습니다.

SQL> select ename,sal,comm,sal+comm as "총수령액" from emp;

ENAME    SAL       COMM   총수령액                                              
------ ----- ---------- ----------                                              
SMITH    800                                                                    
ALLEN   1600        300       1900                                              
WARD    1250        500       1750                                              
JONES   2975                                                                    
MARTIN  1250       1400       2650                                              
BLAKE   2850                                                                    
CLARK   2450                                                                    
SCOTT   3000                                                                    
KING    5000                                                                    
TURNER  1500          0       1500                                              

ENAME    SAL       COMM   총수령액                                              
------ ----- ---------- ----------                                              
ADAMS   1100                                                                    
JAMES    950                                                                    
FORD    3000                                                                    
MILLER  1300                                                                    

14 개의 행이 선택되었습니다.

SQL> select ename,sal,comm,nvl(comm),sal+comm as "총수령액" from emp;
select ename,sal,comm,nvl(comm),sal+comm as "총수령액" from emp
                      *
1행에 오류:
ORA-00909: 인수의 개수가 부적합합니다 


SQL> select ename,sal,comm,nvl(comm) from emp;
select ename,sal,comm,nvl(comm) from emp
                      *
1행에 오류:
ORA-00909: 인수의 개수가 부적합합니다 


SQL> select ename,sal,comm,nvl(comm,0) from emp;

ENAME    SAL       COMM NVL(COMM,0)                                             
------ ----- ---------- -----------                                             
SMITH    800                      0                                             
ALLEN   1600        300         300                                             
WARD    1250        500         500                                             
JONES   2975                      0                                             
MARTIN  1250       1400        1400                                             
BLAKE   2850                      0                                             
CLARK   2450                      0                                             
SCOTT   3000                      0                                             
KING    5000                      0                                             
TURNER  1500          0           0                                             

ENAME    SAL       COMM NVL(COMM,0)                                             
------ ----- ---------- -----------                                             
ADAMS   1100                      0                                             
JAMES    950                      0                                             
FORD    3000                      0                                             
MILLER  1300                      0                                             

14 개의 행이 선택되었습니다.

SQL> select ename,sal,comm,sal+nvl(comm,0) from emp;

ENAME    SAL       COMM SAL+NVL(COMM,0)                                         
------ ----- ---------- ---------------                                         
SMITH    800                        800                                         
ALLEN   1600        300            1900                                         
WARD    1250        500            1750                                         
JONES   2975                       2975                                         
MARTIN  1250       1400            2650                                         
BLAKE   2850                       2850                                         
CLARK   2450                       2450                                         
SCOTT   3000                       3000                                         
KING    5000                       5000                                         
TURNER  1500          0            1500                                         

ENAME    SAL       COMM SAL+NVL(COMM,0)                                         
------ ----- ---------- ---------------                                         
ADAMS   1100                       1100                                         
JAMES    950                        950                                         
FORD    3000                       3000                                         
MILLER  1300                       1300                                         

14 개의 행이 선택되었습니다.

SQL> select * from dept;

         DEPTNO DNAME                        LOC                                
--------------- ---------------------------- --------------------------         
             10 ACCOUNTING                   NEW YORK                           
             20 RESEARCH                     DALLAS                             
             30 SALES                        CHICAGO                            
             40 OPERATIONS                   BOSTON                             
             50 총무                         서울                               
             60 회계                         부산                               
             70 인사                         대구                               
             80 영업                         광주                               
             90 임시                         제주                               

9 개의 행이 선택되었습니다.

SQL> select * from copy;

         DEPTNO DNAME                        LOC                                
--------------- ---------------------------- --------------------------         
             10 ACCOUNTING                   NEW YORK                           
             20 RESEARCH                     DALLAS                             
             30 SALES                        CHICAGO                            
             40 OPERATIONS                   BOSTON                             
             50 총무                         서울                               
             60 회계                         부산                               
             70 인사                         대구                               
             80 영업                         광주                               
             90 임시2                                                           
             99 임시3                                                           

         DEPTNO DNAME                        LOC                                
--------------- ---------------------------- --------------------------         
             98 임시4                                                           
             97 임시5                                                           

12 개의 행이 선택되었습니다.

SQL> select loc from copy;

LOC                                                                             
--------------------------                                                      
NEW YORK                                                                        
DALLAS                                                                          
CHICAGO                                                                         
BOSTON                                                                          
서울                                                                            
부산                                                                            
대구                                                                            
광주                                                                            
                                                                                
                                                                                

LOC                                                                             
--------------------------                                                      
                                                                                
                                                                                

12 개의 행이 선택되었습니다.

SQL> select nvl(loc,'-') from copy;

NVL(LOC,'-')                                                                    
--------------------------                                                      
NEW YORK                                                                        
DALLAS                                                                          
CHICAGO                                                                         
BOSTON                                                                          
서울                                                                            
부산                                                                            
대구                                                                            
광주                                                                            
-                                                                               
-                                                                               

NVL(LOC,'-')                                                                    
--------------------------                                                      
-                                                                               
-                                                                               

12 개의 행이 선택되었습니다.

SQL> select nvl(loc,'제목없음') from copy;

NVL(LOC,'제목없음')                                                             
--------------------------                                                      
NEW YORK                                                                        
DALLAS                                                                          
CHICAGO                                                                         
BOSTON                                                                          
서울                                                                            
부산                                                                            
대구                                                                            
광주                                                                            
제목없음                                                                        
제목없음                                                                        

NVL(LOC,'제목없음')                                                             
--------------------------                                                      
제목없음                                                                        
제목없음                                                                        

12 개의 행이 선택되었습니다.

SQL> select decode(1,1,'일',2,'이',3,'삼') from dual;

DECODE                                                                          
------                                                                          
일                                                                              

SQL> select decode(2,1,'일',2,'이',3,'삼') from dual;

DECODE                                                                          
------                                                                          
이                                                                              

SQL> select decode(3,1,'일',2,'이',3,'삼') from dual;

DECODE                                                                          
------                                                                          
삼                                                                              

SQL> select * from dept;

         DEPTNO DNAME                        LOC                                
--------------- ---------------------------- --------------------------         
             10 ACCOUNTING                   NEW YORK                           
             20 RESEARCH                     DALLAS                             
             30 SALES                        CHICAGO                            
             40 OPERATIONS                   BOSTON                             
             50 총무                         서울                               
             60 회계                         부산                               
             70 인사                         대구                               
             80 영업                         광주                               
             90 임시                         제주                               

9 개의 행이 선택되었습니다.

SQL> select ename,deptno from emp;

ENAME           DEPTNO                                                          
------ ---------------                                                          
SMITH               20                                                          
ALLEN               30                                                          
WARD                30                                                          
JONES               20                                                          
MARTIN              30                                                          
BLAKE               30                                                          
CLARK               10                                                          
SCOTT               20                                                          
KING                10                                                          
TURNER              30                                                          

ENAME           DEPTNO                                                          
------ ---------------                                                          
ADAMS               20                                                          
JAMES               30                                                          
FORD                20                                                          
MILLER              10                                                          

14 개의 행이 선택되었습니다.

SQL> select decode(deptno,10,'accounting',20,'resreach',30,'sales') from emp;

DECODE(DEPTNO,10,'AC                                                            
--------------------                                                            
resreach                                                                        
sales                                                                           
sales                                                                           
resreach                                                                        
sales                                                                           
sales                                                                           
accounting                                                                      
resreach                                                                        
accounting                                                                      
sales                                                                           

DECODE(DEPTNO,10,'AC                                                            
--------------------                                                            
resreach                                                                        
sales                                                                           
resreach                                                                        
accounting                                                                      

14 개의 행이 선택되었습니다.

SQL> select ename, decode(deptno,10,'accounting',20,'resreach',30,'sales') from emp;

ENAME  DECODE(DEPTNO,10,'AC                                                     
------ --------------------                                                     
SMITH  resreach                                                                 
ALLEN  sales                                                                    
WARD   sales                                                                    
JONES  resreach                                                                 
MARTIN sales                                                                    
BLAKE  sales                                                                    
CLARK  accounting                                                               
SCOTT  resreach                                                                 
KING   accounting                                                               
TURNER sales                                                                    

ENAME  DECODE(DEPTNO,10,'AC                                                     
------ --------------------                                                     
ADAMS  resreach                                                                 
JAMES  sales                                                                    
FORD   resreach                                                                 
MILLER accounting                                                               

14 개의 행이 선택되었습니다.

SQL> select ename,sal from emp;

ENAME    SAL                                                                    
------ -----                                                                    
SMITH    800                                                                    
ALLEN   1600                                                                    
WARD    1250                                                                    
JONES   2975                                                                    
MARTIN  1250                                                                    
BLAKE   2850                                                                    
CLARK   2450                                                                    
SCOTT   3000                                                                    
KING    5000                                                                    
TURNER  1500                                                                    

ENAME    SAL                                                                    
------ -----                                                                    
ADAMS   1100                                                                    
JAMES    950                                                                    
FORD    3000                                                                    
MILLER  1300                                                                    

14 개의 행이 선택되었습니다.

SQL> select ename, case when sal<1000 then '안하는게 낫고'
  2  when sal<3000 then '그냥 버티구요'
  3  when sal<5000 then '금수저'
  4  end from emp;

ENAME  CASEWHENSAL<1000THEN'안하는게낫고'WHEN                                   
------ --------------------------------------                                   
SMITH  안하는게 낫고                                                            
ALLEN  그냥 버티구요                                                            
WARD   그냥 버티구요                                                            
JONES  그냥 버티구요                                                            
MARTIN 그냥 버티구요                                                            
BLAKE  그냥 버티구요                                                            
CLARK  그냥 버티구요                                                            
SCOTT  금수저                                                                   
KING                                                                            
TURNER 그냥 버티구요                                                            

ENAME  CASEWHENSAL<1000THEN'안하는게낫고'WHEN                                   
------ --------------------------------------                                   
ADAMS  그냥 버티구요                                                            
JAMES  안하는게 낫고                                                            
FORD   금수저                                                                   
MILLER 그냥 버티구요                                                            

14 개의 행이 선택되었습니다.

SQL> select ename, case when sal<1000 then '안하는게 낫고'
  2  when sal<3000 then '그냥 버티구요'
  3  when sal<5000 then '금수저'
  4  else '사장'
  5  end
  6  from emp;

ENAME  CASEWHENSAL<1000THEN'안하는게낫고'WHEN                                   
------ --------------------------------------                                   
SMITH  안하는게 낫고                                                            
ALLEN  그냥 버티구요                                                            
WARD   그냥 버티구요                                                            
JONES  그냥 버티구요                                                            
MARTIN 그냥 버티구요                                                            
BLAKE  그냥 버티구요                                                            
CLARK  그냥 버티구요                                                            
SCOTT  금수저                                                                   
KING   사장                                                                     
TURNER 그냥 버티구요                                                            

ENAME  CASEWHENSAL<1000THEN'안하는게낫고'WHEN                                   
------ --------------------------------------                                   
ADAMS  그냥 버티구요                                                            
JAMES  안하는게 낫고                                                            
FORD   금수저                                                                   
MILLER 그냥 버티구요                                                            

14 개의 행이 선택되었습니다.

SQL> clear screen

SQL> spool off
