SQL> create table temp02(
  2  num number,
  3  name varchar2(9),
  4  nalja date
  5  );

테이블이 생성되었습니다.

SQL> select NUM,NAME FROM temp02;

선택된 레코드가 없습니다.

SQL> select * from temp02;

선택된 레코드가 없습니다.

SQL> desc temp02;
 이름                                      널?      유형
 ----------------------------------------- -------- ----------------------------
 NUM                                                NUMBER
 NAME                                               VARCHAR2(9)
 NALJA                                              DATE

SQL> alter table temp02 add (sub varcher2(10));
alter table temp02 add (sub varcher2(10))
                                    *
1행에 오류:
ORA-00907: 누락된 우괄호 


SQL> alter table temp02 add (sub varchar2(10));

테이블이 변경되었습니다.

SQL> desc temp02;
 이름                                      널?      유형
 ----------------------------------------- -------- ----------------------------
 NUM                                                NUMBER
 NAME                                               VARCHAR2(9)
 NALJA                                              DATE
 SUB                                                VARCHAR2(10)

SQL> alter table temp02 modify (sub,varchar2(20));
alter table temp02 modify (sub,varchar2(20))
                               *
1행에 오류:
ORA-00904: : 부적합한 식별자 


SQL> alter table temp02 modify (sub varchar2(20));

테이블이 변경되었습니다.

SQL> alter table temp02 drop (sub);

테이블이 변경되었습니다.

SQL> desc temp02;
 이름                                      널?      유형
 ----------------------------------------- -------- ----------------------------
 NUM                                                NUMBER
 NAME                                               VARCHAR2(9)
 NALJA                                              DATE

SQL> alter table temp02 add (sub varchar2(10));

테이블이 변경되었습니다.

SQL> desc temp02;
 이름                                      널?      유형
 ----------------------------------------- -------- ----------------------------
 NUM                                                NUMBER
 NAME                                               VARCHAR2(9)
 NALJA                                              DATE
 SUB                                                VARCHAR2(10)

SQL> alter table temp02 drop (sub);

테이블이 변경되었습니다.

SQL> alter table temp02 add (content varchar2(10));

테이블이 변경되었습니다.

SQL> desc temp02;
 이름                                      널?      유형
 ----------------------------------------- -------- ----------------------------
 NUM                                                NUMBER
 NAME                                               VARCHAR2(9)
 NALJA                                              DATE
 CONTENT                                            VARCHAR2(10)

SQL> alter table temp02 drop content;
alter table temp02 drop content
                        *
1행에 오류:
ORA-00905: 누락된 키워드 


SQL> alter table temp02 drop (content);

테이블이 변경되었습니다.

SQL> desc temp02;
 이름                                      널?      유형
 ----------------------------------------- -------- ----------------------------
 NUM                                                NUMBER
 NAME                                               VARCHAR2(9)
 NALJA                                              DATE

SQL> insert into temp02 values (1,'a',sysdate);

1 개의 행이 만들어졌습니다.

SQL> alter table temp02 add(sub varchar2(10));

테이블이 변경되었습니다.

SQL> select * from temp02;

       NUM NAME               NALJA    SUB                                      
---------- ------------------ -------- --------------------                     
         1 a                  19/12/03                                          

SQL> insert into temp02 values (2,'b',sysdate,'temp');

1 개의 행이 만들어졌습니다.

SQL> select * from temp02;

       NUM NAME               NALJA    SUB                                      
---------- ------------------ -------- --------------------                     
         1 a                  19/12/03                                          
         2 b                  19/12/03 temp                                     

SQL> alter table temp02 modify (sub varchar2(15));

테이블이 변경되었습니다.

SQL> alter table temp02 modify (sub varchar2(10));

테이블이 변경되었습니다.

SQL> alter table temp02 modify (sub varchar2(5));

테이블이 변경되었습니다.

SQL> alter table temp02 modify (sub varchar2(3));
alter table temp02 modify (sub varchar2(3))
                           *
1행에 오류:
ORA-01441: 일부 값이 너무 커서 열 길이를 줄일 수 없음 


SQL> alter table temp02 modify (sub number);
alter table temp02 modify (sub number)
                           *
1행에 오류:
ORA-01439: 데이터 유형을 변경할 열은 비어 있어야 합니다 


SQL> alter table temp02 drop (sub);

테이블이 변경되었습니다.

SQL> select * from temp02;

       NUM NAME               NALJA                                             
---------- ------------------ --------                                          
         1 a                  19/12/03                                          
         2 b                  19/12/03                                          

SQL> drop table temp02;

테이블이 삭제되었습니다.

SQL> desc temp02;
ERROR:
ORA-04043: temp02 객체는 존재하지 않습니다. 


SQL> select tname from tab;

TNAME                                                                           
------------------------------------------------------------                    
DEPT                                                                            
BONUS                                                                           
EMP                                                                             
SALGRADE                                                                        
COPY                                                                            
STUDENT                                                                         
TEMP01                                                                          

7 개의 행이 선택되었습니다.

SQL> select * from tab;

TNAME                                                        TABTYPE            
------------------------------------------------------------ --------------     
 CLUSTERID                                                                      
----------                                                                      
DEPT                                                         TABLE              
                                                                                
                                                                                
BONUS                                                        TABLE              
                                                                                
                                                                                
EMP                                                          TABLE              
                                                                                

TNAME                                                        TABTYPE            
------------------------------------------------------------ --------------     
 CLUSTERID                                                                      
----------                                                                      
                                                                                
SALGRADE                                                     TABLE              
                                                                                
                                                                                
COPY                                                         TABLE              
                                                                                
                                                                                
STUDENT                                                      TABLE              

TNAME                                                        TABTYPE            
------------------------------------------------------------ --------------     
 CLUSTERID                                                                      
----------                                                                      
                                                                                
                                                                                
TEMP01                                                       TABLE              
                                                                                
                                                                                

7 개의 행이 선택되었습니다.

SQL> select tname from tab;

TNAME                                                                           
------------------------------------------------------------                    
DEPT                                                                            
BONUS                                                                           
EMP                                                                             
SALGRADE                                                                        
COPY                                                                            
STUDENT                                                                         
TEMP01                                                                          

7 개의 행이 선택되었습니다.

SQL> desc student;
 이름                                      널?      유형
 ----------------------------------------- -------- ----------------------------
 NUM                                                NUMBER
 NAME                                               VARCHAR2(5)
 KOR                                                NUMBER(3)
 ENG                                                NUMBER(3)
 MATH                                               NUMBER(3)

SQL> select * from student;

       NUM NAME              KOR        ENG       MATH                          
---------- ---------- ---------- ---------- ----------                          
      1901 aaaaa             100         90         80                          
      1902 bbbbb              60         90         80                          

SQL> truncate student;
truncate student
               *
1행에 오류:
ORA-03290: 부적절한 truncate 명령어 - CLUSTER 혹은 TABLE 키워드의 누락 


SQL> truncate table student;

테이블이 잘렸습니다.

SQL> select * from student;

선택된 레코드가 없습니다.

SQL> select tname from tab;

TNAME                                                                           
------------------------------------------------------------                    
DEPT                                                                            
BONUS                                                                           
EMP                                                                             
SALGRADE                                                                        
COPY                                                                            
STUDENT                                                                         
TEMP01                                                                          

7 개의 행이 선택되었습니다.

SQL> desc temp01;
 이름                                      널?      유형
 ----------------------------------------- -------- ----------------------------
 NALJA                                              DATE

SQL> ed ex06.sql

SQL> @ ex06.sql

1 개의 행이 만들어졌습니다.


1 개의 행이 만들어졌습니다.


1 개의 행이 만들어졌습니다.


1 개의 행이 만들어졌습니다.


1 개의 행이 만들어졌습니다.


1 개의 행이 만들어졌습니다.


1 개의 행이 만들어졌습니다.


1 개의 행이 만들어졌습니다.


1 개의 행이 만들어졌습니다.


1 개의 행이 만들어졌습니다.


1 개의 행이 만들어졌습니다.


1 개의 행이 만들어졌습니다.


1 개의 행이 만들어졌습니다.


1 개의 행이 만들어졌습니다.


1 개의 행이 만들어졌습니다.


1 개의 행이 만들어졌습니다.


1 개의 행이 만들어졌습니다.


1 개의 행이 만들어졌습니다.


1 개의 행이 만들어졌습니다.


1 개의 행이 만들어졌습니다.


1 개의 행이 만들어졌습니다.


1 개의 행이 만들어졌습니다.


1 개의 행이 만들어졌습니다.


1 개의 행이 만들어졌습니다.


1 개의 행이 만들어졌습니다.


1 개의 행이 만들어졌습니다.


1 개의 행이 만들어졌습니다.


1 개의 행이 만들어졌습니다.


1 개의 행이 만들어졌습니다.


1 개의 행이 만들어졌습니다.


1 개의 행이 만들어졌습니다.


1 개의 행이 만들어졌습니다.


1 개의 행이 만들어졌습니다.


1 개의 행이 만들어졌습니다.


1 개의 행이 만들어졌습니다.


1 개의 행이 만들어졌습니다.


1 개의 행이 만들어졌습니다.


1 개의 행이 만들어졌습니다.


1 개의 행이 만들어졌습니다.


1 개의 행이 만들어졌습니다.


1 개의 행이 만들어졌습니다.


1 개의 행이 만들어졌습니다.


1 개의 행이 만들어졌습니다.


1 개의 행이 만들어졌습니다.


1 개의 행이 만들어졌습니다.


1 개의 행이 만들어졌습니다.


1 개의 행이 만들어졌습니다.


1 개의 행이 만들어졌습니다.


1 개의 행이 만들어졌습니다.


1 개의 행이 만들어졌습니다.


1 개의 행이 만들어졌습니다.


1 개의 행이 만들어졌습니다.


1 개의 행이 만들어졌습니다.


1 개의 행이 만들어졌습니다.


1 개의 행이 만들어졌습니다.


1 개의 행이 만들어졌습니다.


1 개의 행이 만들어졌습니다.


1 개의 행이 만들어졌습니다.


1 개의 행이 만들어졌습니다.


1 개의 행이 만들어졌습니다.


1 개의 행이 만들어졌습니다.


1 개의 행이 만들어졌습니다.


1 개의 행이 만들어졌습니다.


1 개의 행이 만들어졌습니다.


1 개의 행이 만들어졌습니다.


1 개의 행이 만들어졌습니다.


1 개의 행이 만들어졌습니다.


1 개의 행이 만들어졌습니다.


1 개의 행이 만들어졌습니다.


1 개의 행이 만들어졌습니다.


1 개의 행이 만들어졌습니다.


1 개의 행이 만들어졌습니다.


1 개의 행이 만들어졌습니다.


1 개의 행이 만들어졌습니다.


1 개의 행이 만들어졌습니다.


1 개의 행이 만들어졌습니다.


1 개의 행이 만들어졌습니다.


1 개의 행이 만들어졌습니다.


1 개의 행이 만들어졌습니다.


1 개의 행이 만들어졌습니다.


1 개의 행이 만들어졌습니다.


1 개의 행이 만들어졌습니다.


1 개의 행이 만들어졌습니다.


1 개의 행이 만들어졌습니다.


1 개의 행이 만들어졌습니다.


1 개의 행이 만들어졌습니다.


1 개의 행이 만들어졌습니다.


1 개의 행이 만들어졌습니다.


1 개의 행이 만들어졌습니다.


1 개의 행이 만들어졌습니다.


1 개의 행이 만들어졌습니다.


1 개의 행이 만들어졌습니다.


1 개의 행이 만들어졌습니다.


1 개의 행이 만들어졌습니다.


1 개의 행이 만들어졌습니다.


1 개의 행이 만들어졌습니다.


1 개의 행이 만들어졌습니다.


1 개의 행이 만들어졌습니다.


1 개의 행이 만들어졌습니다.

SQL> select * from temp01;

NALJA                                                                           
--------                                                                        
19/12/03                                                                        
19/12/02                                                                        
19/12/02                                                                        
19/12/01                                                                        
19/12/01                                                                        
19/12/01                                                                        
19/12/01                                                                        
19/12/03                                                                        
19/12/03                                                                        
19/12/03                                                                        

NALJA                                                                           
--------                                                                        
19/12/03                                                                        
19/12/03                                                                        
19/12/03                                                                        
19/12/03                                                                        
19/12/03                                                                        
19/12/03                                                                        
19/12/03                                                                        
19/12/03                                                                        
19/12/03                                                                        
19/12/03                                                                        

NALJA                                                                           
--------                                                                        
19/12/03                                                                        
19/12/03                                                                        
19/12/03                                                                        
19/12/03                                                                        
19/12/03                                                                        
19/12/03                                                                        
19/12/03                                                                        
19/12/03                                                                        
19/12/03                                                                        
19/12/03                                                                        

NALJA                                                                           
--------                                                                        
19/12/03                                                                        
19/12/03                                                                        
19/12/03                                                                        
19/12/03                                                                        
19/12/03                                                                        
19/12/03                                                                        
19/12/03                                                                        
19/12/03                                                                        
19/12/03                                                                        
19/12/03                                                                        

NALJA                                                                           
--------                                                                        
19/12/03                                                                        
19/12/03                                                                        
19/12/03                                                                        
19/12/03                                                                        
19/12/03                                                                        
19/12/03                                                                        
19/12/03                                                                        
19/12/03                                                                        
19/12/03                                                                        
19/12/03                                                                        

NALJA                                                                           
--------                                                                        
19/12/03                                                                        
19/12/03                                                                        
19/12/03                                                                        
19/12/03                                                                        
19/12/03                                                                        
19/12/03                                                                        
19/12/03                                                                        
19/12/03                                                                        
19/12/03                                                                        
19/12/03                                                                        

NALJA                                                                           
--------                                                                        
19/12/03                                                                        
19/12/03                                                                        
19/12/03                                                                        
19/12/03                                                                        
19/12/03                                                                        
19/12/03                                                                        
19/12/03                                                                        
19/12/03                                                                        
19/12/03                                                                        
19/12/03                                                                        

NALJA                                                                           
--------                                                                        
19/12/03                                                                        
19/12/03                                                                        
19/12/03                                                                        
19/12/03                                                                        
19/12/03                                                                        
19/12/03                                                                        
19/12/03                                                                        
19/12/03                                                                        
19/12/03                                                                        
19/12/03                                                                        

NALJA                                                                           
--------                                                                        
19/12/03                                                                        
19/12/03                                                                        
19/12/03                                                                        
19/12/03                                                                        
19/12/03                                                                        
19/12/03                                                                        
19/12/03                                                                        
19/12/03                                                                        
19/12/03                                                                        
19/12/03                                                                        

NALJA                                                                           
--------                                                                        
19/12/03                                                                        
19/12/03                                                                        
19/12/03                                                                        
19/12/03                                                                        
19/12/03                                                                        
19/12/03                                                                        
19/12/03                                                                        
19/12/03                                                                        
19/12/03                                                                        
19/12/03                                                                        

NALJA                                                                           
--------                                                                        
19/12/03                                                                        
19/12/03                                                                        
19/12/03                                                                        
19/12/03                                                                        
19/12/03                                                                        
19/12/03                                                                        

106 개의 행이 선택되었습니다.

SQL> delete from temp01;

106 행이 삭제되었습니다.

SQL> ed ex06.sql

SQL> @ ex06.sql

1 개의 행이 만들어졌습니다.


1 개의 행이 만들어졌습니다.


1 개의 행이 만들어졌습니다.


1 개의 행이 만들어졌습니다.


1 개의 행이 만들어졌습니다.


1 개의 행이 만들어졌습니다.


1 개의 행이 만들어졌습니다.


1 개의 행이 만들어졌습니다.


1 개의 행이 만들어졌습니다.


1 개의 행이 만들어졌습니다.


1 개의 행이 만들어졌습니다.


1 개의 행이 만들어졌습니다.


1 개의 행이 만들어졌습니다.


1 개의 행이 만들어졌습니다.


1 개의 행이 만들어졌습니다.


1 개의 행이 만들어졌습니다.


1 개의 행이 만들어졌습니다.


1 개의 행이 만들어졌습니다.


1 개의 행이 만들어졌습니다.


1 개의 행이 만들어졌습니다.


1 개의 행이 만들어졌습니다.


1 개의 행이 만들어졌습니다.


1 개의 행이 만들어졌습니다.


1 개의 행이 만들어졌습니다.


1 개의 행이 만들어졌습니다.


1 개의 행이 만들어졌습니다.


1 개의 행이 만들어졌습니다.


1 개의 행이 만들어졌습니다.


1 개의 행이 만들어졌습니다.


1 개의 행이 만들어졌습니다.


1 개의 행이 만들어졌습니다.


1 개의 행이 만들어졌습니다.


1 개의 행이 만들어졌습니다.


1 개의 행이 만들어졌습니다.


1 개의 행이 만들어졌습니다.


1 개의 행이 만들어졌습니다.


1 개의 행이 만들어졌습니다.


1 개의 행이 만들어졌습니다.


1 개의 행이 만들어졌습니다.


1 개의 행이 만들어졌습니다.


1 개의 행이 만들어졌습니다.


1 개의 행이 만들어졌습니다.


1 개의 행이 만들어졌습니다.


1 개의 행이 만들어졌습니다.


1 개의 행이 만들어졌습니다.


1 개의 행이 만들어졌습니다.


1 개의 행이 만들어졌습니다.


1 개의 행이 만들어졌습니다.


1 개의 행이 만들어졌습니다.


1 개의 행이 만들어졌습니다.


1 개의 행이 만들어졌습니다.


1 개의 행이 만들어졌습니다.


1 개의 행이 만들어졌습니다.


1 개의 행이 만들어졌습니다.


1 개의 행이 만들어졌습니다.


1 개의 행이 만들어졌습니다.


1 개의 행이 만들어졌습니다.


1 개의 행이 만들어졌습니다.


1 개의 행이 만들어졌습니다.


1 개의 행이 만들어졌습니다.


1 개의 행이 만들어졌습니다.


1 개의 행이 만들어졌습니다.


1 개의 행이 만들어졌습니다.


1 개의 행이 만들어졌습니다.


1 개의 행이 만들어졌습니다.


1 개의 행이 만들어졌습니다.


1 개의 행이 만들어졌습니다.


1 개의 행이 만들어졌습니다.


1 개의 행이 만들어졌습니다.


1 개의 행이 만들어졌습니다.


1 개의 행이 만들어졌습니다.


1 개의 행이 만들어졌습니다.


1 개의 행이 만들어졌습니다.


1 개의 행이 만들어졌습니다.


1 개의 행이 만들어졌습니다.


1 개의 행이 만들어졌습니다.


1 개의 행이 만들어졌습니다.


1 개의 행이 만들어졌습니다.


1 개의 행이 만들어졌습니다.


1 개의 행이 만들어졌습니다.


1 개의 행이 만들어졌습니다.


1 개의 행이 만들어졌습니다.


1 개의 행이 만들어졌습니다.


1 개의 행이 만들어졌습니다.


1 개의 행이 만들어졌습니다.


1 개의 행이 만들어졌습니다.


1 개의 행이 만들어졌습니다.


1 개의 행이 만들어졌습니다.


1 개의 행이 만들어졌습니다.


1 개의 행이 만들어졌습니다.


1 개의 행이 만들어졌습니다.


1 개의 행이 만들어졌습니다.


1 개의 행이 만들어졌습니다.


1 개의 행이 만들어졌습니다.


1 개의 행이 만들어졌습니다.


1 개의 행이 만들어졌습니다.


1 개의 행이 만들어졌습니다.


1 개의 행이 만들어졌습니다.


1 개의 행이 만들어졌습니다.


1 개의 행이 만들어졌습니다.


1 개의 행이 만들어졌습니다.


1 개의 행이 만들어졌습니다.


1 개의 행이 만들어졌습니다.


1 개의 행이 만들어졌습니다.


1 개의 행이 만들어졌습니다.


1 개의 행이 만들어졌습니다.


1 개의 행이 만들어졌습니다.


1 개의 행이 만들어졌습니다.


1 개의 행이 만들어졌습니다.


1 개의 행이 만들어졌습니다.


1 개의 행이 만들어졌습니다.


1 개의 행이 만들어졌습니다.


1 개의 행이 만들어졌습니다.


1 개의 행이 만들어졌습니다.


1 개의 행이 만들어졌습니다.


1 개의 행이 만들어졌습니다.


1 개의 행이 만들어졌습니다.


1 개의 행이 만들어졌습니다.


1 개의 행이 만들어졌습니다.


1 개의 행이 만들어졌습니다.


1 개의 행이 만들어졌습니다.


1 개의 행이 만들어졌습니다.


1 개의 행이 만들어졌습니다.


1 개의 행이 만들어졌습니다.


1 개의 행이 만들어졌습니다.


1 개의 행이 만들어졌습니다.


1 개의 행이 만들어졌습니다.


1 개의 행이 만들어졌습니다.


1 개의 행이 만들어졌습니다.


1 개의 행이 만들어졌습니다.


1 개의 행이 만들어졌습니다.


1 개의 행이 만들어졌습니다.


1 개의 행이 만들어졌습니다.


1 개의 행이 만들어졌습니다.


1 개의 행이 만들어졌습니다.


1 개의 행이 만들어졌습니다.


1 개의 행이 만들어졌습니다.


1 개의 행이 만들어졌습니다.


1 개의 행이 만들어졌습니다.


1 개의 행이 만들어졌습니다.


1 개의 행이 만들어졌습니다.


1 개의 행이 만들어졌습니다.


1 개의 행이 만들어졌습니다.


1 개의 행이 만들어졌습니다.


1 개의 행이 만들어졌습니다.


1 개의 행이 만들어졌습니다.


1 개의 행이 만들어졌습니다.


1 개의 행이 만들어졌습니다.


1 개의 행이 만들어졌습니다.


1 개의 행이 만들어졌습니다.


1 개의 행이 만들어졌습니다.


1 개의 행이 만들어졌습니다.


1 개의 행이 만들어졌습니다.


1 개의 행이 만들어졌습니다.


1 개의 행이 만들어졌습니다.


1 개의 행이 만들어졌습니다.


1 개의 행이 만들어졌습니다.


1 개의 행이 만들어졌습니다.


1 개의 행이 만들어졌습니다.


1 개의 행이 만들어졌습니다.


1 개의 행이 만들어졌습니다.


1 개의 행이 만들어졌습니다.


1 개의 행이 만들어졌습니다.


1 개의 행이 만들어졌습니다.


1 개의 행이 만들어졌습니다.


1 개의 행이 만들어졌습니다.


1 개의 행이 만들어졌습니다.


1 개의 행이 만들어졌습니다.


1 개의 행이 만들어졌습니다.


1 개의 행이 만들어졌습니다.


1 개의 행이 만들어졌습니다.


1 개의 행이 만들어졌습니다.


1 개의 행이 만들어졌습니다.


1 개의 행이 만들어졌습니다.


1 개의 행이 만들어졌습니다.


1 개의 행이 만들어졌습니다.


1 개의 행이 만들어졌습니다.


1 개의 행이 만들어졌습니다.


1 개의 행이 만들어졌습니다.


1 개의 행이 만들어졌습니다.


1 개의 행이 만들어졌습니다.


1 개의 행이 만들어졌습니다.


1 개의 행이 만들어졌습니다.


1 개의 행이 만들어졌습니다.


1 개의 행이 만들어졌습니다.


1 개의 행이 만들어졌습니다.


1 개의 행이 만들어졌습니다.


1 개의 행이 만들어졌습니다.


1 개의 행이 만들어졌습니다.


1 개의 행이 만들어졌습니다.


1 개의 행이 만들어졌습니다.


1 개의 행이 만들어졌습니다.


1 개의 행이 만들어졌습니다.


1 개의 행이 만들어졌습니다.


1 개의 행이 만들어졌습니다.


1 개의 행이 만들어졌습니다.


1 개의 행이 만들어졌습니다.


1 개의 행이 만들어졌습니다.


1 개의 행이 만들어졌습니다.


1 개의 행이 만들어졌습니다.


1 개의 행이 만들어졌습니다.


1 개의 행이 만들어졌습니다.


1 개의 행이 만들어졌습니다.


1 개의 행이 만들어졌습니다.


1 개의 행이 만들어졌습니다.


1 개의 행이 만들어졌습니다.


1 개의 행이 만들어졌습니다.


1 개의 행이 만들어졌습니다.


1 개의 행이 만들어졌습니다.


1 개의 행이 만들어졌습니다.


1 개의 행이 만들어졌습니다.


1 개의 행이 만들어졌습니다.


1 개의 행이 만들어졌습니다.


1 개의 행이 만들어졌습니다.


1 개의 행이 만들어졌습니다.


1 개의 행이 만들어졌습니다.


1 개의 행이 만들어졌습니다.


1 개의 행이 만들어졌습니다.


1 개의 행이 만들어졌습니다.


1 개의 행이 만들어졌습니다.


1 개의 행이 만들어졌습니다.


1 개의 행이 만들어졌습니다.


1 개의 행이 만들어졌습니다.


1 개의 행이 만들어졌습니다.


1 개의 행이 만들어졌습니다.


1 개의 행이 만들어졌습니다.


1 개의 행이 만들어졌습니다.


1 개의 행이 만들어졌습니다.


1 개의 행이 만들어졌습니다.


1 개의 행이 만들어졌습니다.


1 개의 행이 만들어졌습니다.


1 개의 행이 만들어졌습니다.


1 개의 행이 만들어졌습니다.


1 개의 행이 만들어졌습니다.


1 개의 행이 만들어졌습니다.


1 개의 행이 만들어졌습니다.


1 개의 행이 만들어졌습니다.


1 개의 행이 만들어졌습니다.


1 개의 행이 만들어졌습니다.


1 개의 행이 만들어졌습니다.


1 개의 행이 만들어졌습니다.


1 개의 행이 만들어졌습니다.


1 개의 행이 만들어졌습니다.


1 개의 행이 만들어졌습니다.


1 개의 행이 만들어졌습니다.


1 개의 행이 만들어졌습니다.


1 개의 행이 만들어졌습니다.


1 개의 행이 만들어졌습니다.


1 개의 행이 만들어졌습니다.


1 개의 행이 만들어졌습니다.


1 개의 행이 만들어졌습니다.


1 개의 행이 만들어졌습니다.


1 개의 행이 만들어졌습니다.


1 개의 행이 만들어졌습니다.


1 개의 행이 만들어졌습니다.


1 개의 행이 만들어졌습니다.


1 개의 행이 만들어졌습니다.


1 개의 행이 만들어졌습니다.


1 개의 행이 만들어졌습니다.


1 개의 행이 만들어졌습니다.


1 개의 행이 만들어졌습니다.


1 개의 행이 만들어졌습니다.


1 개의 행이 만들어졌습니다.


1 개의 행이 만들어졌습니다.


1 개의 행이 만들어졌습니다.


1 개의 행이 만들어졌습니다.


1 개의 행이 만들어졌습니다.


1 개의 행이 만들어졌습니다.


1 개의 행이 만들어졌습니다.


1 개의 행이 만들어졌습니다.


1 개의 행이 만들어졌습니다.


1 개의 행이 만들어졌습니다.


1 개의 행이 만들어졌습니다.


1 개의 행이 만들어졌습니다.


1 개의 행이 만들어졌습니다.


1 개의 행이 만들어졌습니다.


1 개의 행이 만들어졌습니다.


1 개의 행이 만들어졌습니다.


1 개의 행이 만들어졌습니다.


1 개의 행이 만들어졌습니다.


1 개의 행이 만들어졌습니다.


1 개의 행이 만들어졌습니다.


1 개의 행이 만들어졌습니다.


1 개의 행이 만들어졌습니다.


1 개의 행이 만들어졌습니다.


1 개의 행이 만들어졌습니다.


1 개의 행이 만들어졌습니다.


1 개의 행이 만들어졌습니다.


1 개의 행이 만들어졌습니다.


1 개의 행이 만들어졌습니다.


1 개의 행이 만들어졌습니다.


1 개의 행이 만들어졌습니다.


1 개의 행이 만들어졌습니다.


1 개의 행이 만들어졌습니다.


1 개의 행이 만들어졌습니다.


1 개의 행이 만들어졌습니다.


1 개의 행이 만들어졌습니다.


1 개의 행이 만들어졌습니다.


1 개의 행이 만들어졌습니다.


1 개의 행이 만들어졌습니다.


1 개의 행이 만들어졌습니다.


1 개의 행이 만들어졌습니다.


1 개의 행이 만들어졌습니다.


1 개의 행이 만들어졌습니다.


1 개의 행이 만들어졌습니다.


1 개의 행이 만들어졌습니다.


1 개의 행이 만들어졌습니다.


1 개의 행이 만들어졌습니다.


1 개의 행이 만들어졌습니다.


1 개의 행이 만들어졌습니다.


1 개의 행이 만들어졌습니다.


1 개의 행이 만들어졌습니다.


1 개의 행이 만들어졌습니다.


1 개의 행이 만들어졌습니다.


1 개의 행이 만들어졌습니다.


1 개의 행이 만들어졌습니다.


1 개의 행이 만들어졌습니다.


1 개의 행이 만들어졌습니다.


1 개의 행이 만들어졌습니다.


1 개의 행이 만들어졌습니다.


1 개의 행이 만들어졌습니다.


1 개의 행이 만들어졌습니다.


1 개의 행이 만들어졌습니다.


1 개의 행이 만들어졌습니다.


1 개의 행이 만들어졌습니다.


1 개의 행이 만들어졌습니다.


1 개의 행이 만들어졌습니다.


1 개의 행이 만들어졌습니다.


1 개의 행이 만들어졌습니다.


1 개의 행이 만들어졌습니다.


1 개의 행이 만들어졌습니다.


1 개의 행이 만들어졌습니다.


1 개의 행이 만들어졌습니다.


1 개의 행이 만들어졌습니다.


1 개의 행이 만들어졌습니다.


1 개의 행이 만들어졌습니다.


1 개의 행이 만들어졌습니다.


1 개의 행이 만들어졌습니다.


1 개의 행이 만들어졌습니다.


1 개의 행이 만들어졌습니다.


1 개의 행이 만들어졌습니다.


1 개의 행이 만들어졌습니다.


1 개의 행이 만들어졌습니다.


1 개의 행이 만들어졌습니다.


1 개의 행이 만들어졌습니다.


1 개의 행이 만들어졌습니다.


1 개의 행이 만들어졌습니다.


1 개의 행이 만들어졌습니다.


1 개의 행이 만들어졌습니다.


1 개의 행이 만들어졌습니다.


1 개의 행이 만들어졌습니다.


1 개의 행이 만들어졌습니다.


1 개의 행이 만들어졌습니다.


1 개의 행이 만들어졌습니다.


1 개의 행이 만들어졌습니다.


1 개의 행이 만들어졌습니다.


1 개의 행이 만들어졌습니다.


1 개의 행이 만들어졌습니다.


1 개의 행이 만들어졌습니다.


1 개의 행이 만들어졌습니다.


1 개의 행이 만들어졌습니다.


1 개의 행이 만들어졌습니다.


1 개의 행이 만들어졌습니다.


1 개의 행이 만들어졌습니다.


1 개의 행이 만들어졌습니다.


1 개의 행이 만들어졌습니다.


1 개의 행이 만들어졌습니다.


1 개의 행이 만들어졌습니다.


1 개의 행이 만들어졌습니다.


1 개의 행이 만들어졌습니다.


1 개의 행이 만들어졌습니다.


1 개의 행이 만들어졌습니다.


1 개의 행이 만들어졌습니다.


1 개의 행이 만들어졌습니다.


1 개의 행이 만들어졌습니다.


1 개의 행이 만들어졌습니다.


1 개의 행이 만들어졌습니다.


1 개의 행이 만들어졌습니다.


1 개의 행이 만들어졌습니다.


1 개의 행이 만들어졌습니다.


1 개의 행이 만들어졌습니다.


1 개의 행이 만들어졌습니다.


1 개의 행이 만들어졌습니다.


1 개의 행이 만들어졌습니다.


1 개의 행이 만들어졌습니다.


1 개의 행이 만들어졌습니다.


1 개의 행이 만들어졌습니다.


1 개의 행이 만들어졌습니다.


1 개의 행이 만들어졌습니다.


1 개의 행이 만들어졌습니다.


1 개의 행이 만들어졌습니다.


1 개의 행이 만들어졌습니다.


1 개의 행이 만들어졌습니다.


1 개의 행이 만들어졌습니다.


1 개의 행이 만들어졌습니다.


1 개의 행이 만들어졌습니다.


1 개의 행이 만들어졌습니다.


1 개의 행이 만들어졌습니다.


1 개의 행이 만들어졌습니다.


1 개의 행이 만들어졌습니다.


1 개의 행이 만들어졌습니다.


1 개의 행이 만들어졌습니다.


1 개의 행이 만들어졌습니다.


1 개의 행이 만들어졌습니다.


1 개의 행이 만들어졌습니다.


1 개의 행이 만들어졌습니다.


1 개의 행이 만들어졌습니다.


1 개의 행이 만들어졌습니다.


1 개의 행이 만들어졌습니다.


1 개의 행이 만들어졌습니다.


1 개의 행이 만들어졌습니다.


1 개의 행이 만들어졌습니다.


1 개의 행이 만들어졌습니다.


1 개의 행이 만들어졌습니다.


1 개의 행이 만들어졌습니다.


1 개의 행이 만들어졌습니다.


1 개의 행이 만들어졌습니다.


1 개의 행이 만들어졌습니다.


1 개의 행이 만들어졌습니다.


1 개의 행이 만들어졌습니다.


1 개의 행이 만들어졌습니다.


1 개의 행이 만들어졌습니다.


1 개의 행이 만들어졌습니다.


1 개의 행이 만들어졌습니다.


1 개의 행이 만들어졌습니다.


1 개의 행이 만들어졌습니다.


1 개의 행이 만들어졌습니다.


1 개의 행이 만들어졌습니다.


1 개의 행이 만들어졌습니다.


1 개의 행이 만들어졌습니다.


1 개의 행이 만들어졌습니다.


1 개의 행이 만들어졌습니다.


1 개의 행이 만들어졌습니다.


1 개의 행이 만들어졌습니다.


1 개의 행이 만들어졌습니다.


1 개의 행이 만들어졌습니다.


1 개의 행이 만들어졌습니다.


1 개의 행이 만들어졌습니다.


1 개의 행이 만들어졌습니다.


1 개의 행이 만들어졌습니다.


1 개의 행이 만들어졌습니다.


1 개의 행이 만들어졌습니다.


1 개의 행이 만들어졌습니다.


1 개의 행이 만들어졌습니다.


1 개의 행이 만들어졌습니다.


1 개의 행이 만들어졌습니다.


1 개의 행이 만들어졌습니다.


1 개의 행이 만들어졌습니다.


1 개의 행이 만들어졌습니다.


1 개의 행이 만들어졌습니다.


1 개의 행이 만들어졌습니다.


1 개의 행이 만들어졌습니다.


1 개의 행이 만들어졌습니다.


1 개의 행이 만들어졌습니다.


1 개의 행이 만들어졌습니다.


1 개의 행이 만들어졌습니다.


1 개의 행이 만들어졌습니다.


1 개의 행이 만들어졌습니다.


1 개의 행이 만들어졌습니다.


1 개의 행이 만들어졌습니다.


1 개의 행이 만들어졌습니다.


1 개의 행이 만들어졌습니다.


1 개의 행이 만들어졌습니다.


1 개의 행이 만들어졌습니다.


1 개의 행이 만들어졌습니다.


1 개의 행이 만들어졌습니다.


1 개의 행이 만들어졌습니다.


1 개의 행이 만들어졌습니다.


1 개의 행이 만들어졌습니다.


1 개의 행이 만들어졌습니다.


1 개의 행이 만들어졌습니다.


1 개의 행이 만들어졌습니다.


1 개의 행이 만들어졌습니다.


1 개의 행이 만들어졌습니다.


1 개의 행이 만들어졌습니다.


1 개의 행이 만들어졌습니다.


1 개의 행이 만들어졌습니다.


1 개의 행이 만들어졌습니다.


1 개의 행이 만들어졌습니다.


1 개의 행이 만들어졌습니다.


1 개의 행이 만들어졌습니다.


1 개의 행이 만들어졌습니다.


1 개의 행이 만들어졌습니다.


1 개의 행이 만들어졌습니다.


1 개의 행이 만들어졌습니다.


1 개의 행이 만들어졌습니다.


1 개의 행이 만들어졌습니다.


1 개의 행이 만들어졌습니다.


1 개의 행이 만들어졌습니다.


1 개의 행이 만들어졌습니다.


1 개의 행이 만들어졌습니다.


1 개의 행이 만들어졌습니다.


1 개의 행이 만들어졌습니다.


1 개의 행이 만들어졌습니다.


1 개의 행이 만들어졌습니다.


1 개의 행이 만들어졌습니다.


1 개의 행이 만들어졌습니다.


1 개의 행이 만들어졌습니다.


1 개의 행이 만들어졌습니다.


1 개의 행이 만들어졌습니다.


1 개의 행이 만들어졌습니다.


1 개의 행이 만들어졌습니다.


1 개의 행이 만들어졌습니다.


1 개의 행이 만들어졌습니다.


1 개의 행이 만들어졌습니다.


1 개의 행이 만들어졌습니다.


1 개의 행이 만들어졌습니다.


1 개의 행이 만들어졌습니다.


1 개의 행이 만들어졌습니다.


1 개의 행이 만들어졌습니다.


1 개의 행이 만들어졌습니다.


1 개의 행이 만들어졌습니다.


1 개의 행이 만들어졌습니다.


1 개의 행이 만들어졌습니다.


1 개의 행이 만들어졌습니다.


1 개의 행이 만들어졌습니다.


1 개의 행이 만들어졌습니다.


1 개의 행이 만들어졌습니다.


1 개의 행이 만들어졌습니다.


1 개의 행이 만들어졌습니다.


1 개의 행이 만들어졌습니다.


1 개의 행이 만들어졌습니다.


1 개의 행이 만들어졌습니다.


1 개의 행이 만들어졌습니다.


1 개의 행이 만들어졌습니다.


1 개의 행이 만들어졌습니다.


1 개의 행이 만들어졌습니다.


1 개의 행이 만들어졌습니다.


1 개의 행이 만들어졌습니다.


1 개의 행이 만들어졌습니다.


1 개의 행이 만들어졌습니다.


1 개의 행이 만들어졌습니다.


1 개의 행이 만들어졌습니다.


1 개의 행이 만들어졌습니다.


1 개의 행이 만들어졌습니다.


1 개의 행이 만들어졌습니다.


1 개의 행이 만들어졌습니다.


1 개의 행이 만들어졌습니다.


1 개의 행이 만들어졌습니다.


1 개의 행이 만들어졌습니다.


1 개의 행이 만들어졌습니다.


1 개의 행이 만들어졌습니다.


1 개의 행이 만들어졌습니다.


1 개의 행이 만들어졌습니다.


1 개의 행이 만들어졌습니다.


1 개의 행이 만들어졌습니다.


1 개의 행이 만들어졌습니다.


1 개의 행이 만들어졌습니다.


1 개의 행이 만들어졌습니다.


1 개의 행이 만들어졌습니다.


1 개의 행이 만들어졌습니다.


1 개의 행이 만들어졌습니다.


1 개의 행이 만들어졌습니다.


1 개의 행이 만들어졌습니다.


1 개의 행이 만들어졌습니다.


1 개의 행이 만들어졌습니다.


1 개의 행이 만들어졌습니다.


1 개의 행이 만들어졌습니다.


1 개의 행이 만들어졌습니다.


1 개의 행이 만들어졌습니다.


1 개의 행이 만들어졌습니다.


1 개의 행이 만들어졌습니다.


1 개의 행이 만들어졌습니다.


1 개의 행이 만들어졌습니다.


1 개의 행이 만들어졌습니다.


1 개의 행이 만들어졌습니다.


1 개의 행이 만들어졌습니다.


1 개의 행이 만들어졌습니다.


1 개의 행이 만들어졌습니다.


1 개의 행이 만들어졌습니다.


1 개의 행이 만들어졌습니다.


1 개의 행이 만들어졌습니다.


1 개의 행이 만들어졌습니다.


1 개의 행이 만들어졌습니다.


1 개의 행이 만들어졌습니다.


1 개의 행이 만들어졌습니다.


1 개의 행이 만들어졌습니다.


1 개의 행이 만들어졌습니다.


1 개의 행이 만들어졌습니다.


1 개의 행이 만들어졌습니다.


1 개의 행이 만들어졌습니다.


1 개의 행이 만들어졌습니다.


1 개의 행이 만들어졌습니다.


1 개의 행이 만들어졌습니다.


1 개의 행이 만들어졌습니다.


1 개의 행이 만들어졌습니다.


1 개의 행이 만들어졌습니다.


1 개의 행이 만들어졌습니다.


1 개의 행이 만들어졌습니다.


1 개의 행이 만들어졌습니다.


1 개의 행이 만들어졌습니다.


1 개의 행이 만들어졌습니다.


1 개의 행이 만들어졌습니다.


1 개의 행이 만들어졌습니다.


1 개의 행이 만들어졌습니다.


1 개의 행이 만들어졌습니다.


1 개의 행이 만들어졌습니다.


1 개의 행이 만들어졌습니다.


1 개의 행이 만들어졌습니다.


1 개의 행이 만들어졌습니다.


1 개의 행이 만들어졌습니다.


1 개의 행이 만들어졌습니다.


1 개의 행이 만들어졌습니다.


1 개의 행이 만들어졌습니다.


1 개의 행이 만들어졌습니다.


1 개의 행이 만들어졌습니다.


1 개의 행이 만들어졌습니다.


1 개의 행이 만들어졌습니다.


1 개의 행이 만들어졌습니다.


1 개의 행이 만들어졌습니다.


1 개의 행이 만들어졌습니다.


1 개의 행이 만들어졌습니다.


1 개의 행이 만들어졌습니다.


1 개의 행이 만들어졌습니다.


1 개의 행이 만들어졌습니다.


1 개의 행이 만들어졌습니다.


1 개의 행이 만들어졌습니다.


1 개의 행이 만들어졌습니다.


1 개의 행이 만들어졌습니다.


1 개의 행이 만들어졌습니다.


1 개의 행이 만들어졌습니다.


1 개의 행이 만들어졌습니다.


1 개의 행이 만들어졌습니다.


1 개의 행이 만들어졌습니다.


1 개의 행이 만들어졌습니다.


1 개의 행이 만들어졌습니다.


1 개의 행이 만들어졌습니다.


1 개의 행이 만들어졌습니다.


1 개의 행이 만들어졌습니다.


1 개의 행이 만들어졌습니다.


1 개의 행이 만들어졌습니다.


1 개의 행이 만들어졌습니다.


1 개의 행이 만들어졌습니다.


1 개의 행이 만들어졌습니다.


1 개의 행이 만들어졌습니다.


1 개의 행이 만들어졌습니다.


1 개의 행이 만들어졌습니다.


1 개의 행이 만들어졌습니다.


1 개의 행이 만들어졌습니다.


1 개의 행이 만들어졌습니다.


1 개의 행이 만들어졌습니다.


1 개의 행이 만들어졌습니다.


1 개의 행이 만들어졌습니다.


1 개의 행이 만들어졌습니다.


1 개의 행이 만들어졌습니다.


1 개의 행이 만들어졌습니다.


1 개의 행이 만들어졌습니다.


1 개의 행이 만들어졌습니다.


1 개의 행이 만들어졌습니다.


1 개의 행이 만들어졌습니다.


1 개의 행이 만들어졌습니다.


1 개의 행이 만들어졌습니다.


1 개의 행이 만들어졌습니다.


1 개의 행이 만들어졌습니다.


1 개의 행이 만들어졌습니다.


1 개의 행이 만들어졌습니다.


1 개의 행이 만들어졌습니다.


1 개의 행이 만들어졌습니다.


1 개의 행이 만들어졌습니다.


1 개의 행이 만들어졌습니다.


1 개의 행이 만들어졌습니다.


1 개의 행이 만들어졌습니다.


1 개의 행이 만들어졌습니다.


1 개의 행이 만들어졌습니다.


1 개의 행이 만들어졌습니다.


1 개의 행이 만들어졌습니다.


1 개의 행이 만들어졌습니다.


1 개의 행이 만들어졌습니다.


1 개의 행이 만들어졌습니다.


1 개의 행이 만들어졌습니다.


1 개의 행이 만들어졌습니다.


1 개의 행이 만들어졌습니다.


1 개의 행이 만들어졌습니다.


1 개의 행이 만들어졌습니다.


1 개의 행이 만들어졌습니다.


1 개의 행이 만들어졌습니다.


1 개의 행이 만들어졌습니다.


1 개의 행이 만들어졌습니다.


1 개의 행이 만들어졌습니다.


1 개의 행이 만들어졌습니다.


1 개의 행이 만들어졌습니다.


1 개의 행이 만들어졌습니다.


1 개의 행이 만들어졌습니다.


1 개의 행이 만들어졌습니다.


1 개의 행이 만들어졌습니다.


1 개의 행이 만들어졌습니다.


1 개의 행이 만들어졌습니다.


1 개의 행이 만들어졌습니다.


1 개의 행이 만들어졌습니다.


1 개의 행이 만들어졌습니다.


1 개의 행이 만들어졌습니다.


1 개의 행이 만들어졌습니다.


1 개의 행이 만들어졌습니다.


1 개의 행이 만들어졌습니다.


1 개의 행이 만들어졌습니다.


1 개의 행이 만들어졌습니다.


1 개의 행이 만들어졌습니다.


1 개의 행이 만들어졌습니다.


1 개의 행이 만들어졌습니다.


1 개의 행이 만들어졌습니다.


1 개의 행이 만들어졌습니다.


1 개의 행이 만들어졌습니다.


1 개의 행이 만들어졌습니다.


1 개의 행이 만들어졌습니다.


1 개의 행이 만들어졌습니다.


1 개의 행이 만들어졌습니다.


1 개의 행이 만들어졌습니다.


1 개의 행이 만들어졌습니다.


1 개의 행이 만들어졌습니다.


1 개의 행이 만들어졌습니다.


1 개의 행이 만들어졌습니다.


1 개의 행이 만들어졌습니다.


1 개의 행이 만들어졌습니다.


1 개의 행이 만들어졌습니다.


1 개의 행이 만들어졌습니다.


1 개의 행이 만들어졌습니다.


1 개의 행이 만들어졌습니다.


1 개의 행이 만들어졌습니다.


1 개의 행이 만들어졌습니다.


1 개의 행이 만들어졌습니다.


1 개의 행이 만들어졌습니다.


1 개의 행이 만들어졌습니다.


1 개의 행이 만들어졌습니다.


1 개의 행이 만들어졌습니다.


1 개의 행이 만들어졌습니다.


1 개의 행이 만들어졌습니다.


1 개의 행이 만들어졌습니다.


1 개의 행이 만들어졌습니다.


1 개의 행이 만들어졌습니다.


1 개의 행이 만들어졌습니다.


1 개의 행이 만들어졌습니다.


1 개의 행이 만들어졌습니다.


1 개의 행이 만들어졌습니다.


1 개의 행이 만들어졌습니다.


1 개의 행이 만들어졌습니다.


1 개의 행이 만들어졌습니다.


1 개의 행이 만들어졌습니다.


1 개의 행이 만들어졌습니다.


1 개의 행이 만들어졌습니다.


1 개의 행이 만들어졌습니다.


1 개의 행이 만들어졌습니다.


1 개의 행이 만들어졌습니다.


1 개의 행이 만들어졌습니다.


1 개의 행이 만들어졌습니다.


1 개의 행이 만들어졌습니다.


1 개의 행이 만들어졌습니다.


1 개의 행이 만들어졌습니다.


1 개의 행이 만들어졌습니다.


1 개의 행이 만들어졌습니다.


1 개의 행이 만들어졌습니다.


1 개의 행이 만들어졌습니다.


1 개의 행이 만들어졌습니다.


1 개의 행이 만들어졌습니다.


1 개의 행이 만들어졌습니다.


1 개의 행이 만들어졌습니다.


1 개의 행이 만들어졌습니다.


1 개의 행이 만들어졌습니다.


1 개의 행이 만들어졌습니다.


1 개의 행이 만들어졌습니다.


1 개의 행이 만들어졌습니다.


1 개의 행이 만들어졌습니다.


1 개의 행이 만들어졌습니다.


1 개의 행이 만들어졌습니다.


1 개의 행이 만들어졌습니다.


1 개의 행이 만들어졌습니다.


1 개의 행이 만들어졌습니다.


1 개의 행이 만들어졌습니다.


1 개의 행이 만들어졌습니다.


1 개의 행이 만들어졌습니다.


1 개의 행이 만들어졌습니다.


1 개의 행이 만들어졌습니다.


1 개의 행이 만들어졌습니다.


1 개의 행이 만들어졌습니다.


1 개의 행이 만들어졌습니다.


1 개의 행이 만들어졌습니다.


1 개의 행이 만들어졌습니다.


1 개의 행이 만들어졌습니다.


1 개의 행이 만들어졌습니다.


1 개의 행이 만들어졌습니다.


1 개의 행이 만들어졌습니다.


1 개의 행이 만들어졌습니다.


1 개의 행이 만들어졌습니다.


1 개의 행이 만들어졌습니다.


1 개의 행이 만들어졌습니다.


1 개의 행이 만들어졌습니다.


1 개의 행이 만들어졌습니다.


1 개의 행이 만들어졌습니다.


1 개의 행이 만들어졌습니다.


1 개의 행이 만들어졌습니다.


1 개의 행이 만들어졌습니다.


1 개의 행이 만들어졌습니다.


1 개의 행이 만들어졌습니다.


1 개의 행이 만들어졌습니다.


1 개의 행이 만들어졌습니다.


1 개의 행이 만들어졌습니다.


1 개의 행이 만들어졌습니다.


1 개의 행이 만들어졌습니다.


1 개의 행이 만들어졌습니다.


1 개의 행이 만들어졌습니다.


1 개의 행이 만들어졌습니다.


1 개의 행이 만들어졌습니다.


1 개의 행이 만들어졌습니다.


1 개의 행이 만들어졌습니다.


1 개의 행이 만들어졌습니다.


1 개의 행이 만들어졌습니다.


1 개의 행이 만들어졌습니다.


1 개의 행이 만들어졌습니다.


1 개의 행이 만들어졌습니다.


1 개의 행이 만들어졌습니다.


1 개의 행이 만들어졌습니다.


1 개의 행이 만들어졌습니다.


1 개의 행이 만들어졌습니다.


1 개의 행이 만들어졌습니다.


1 개의 행이 만들어졌습니다.


1 개의 행이 만들어졌습니다.


1 개의 행이 만들어졌습니다.


1 개의 행이 만들어졌습니다.


1 개의 행이 만들어졌습니다.


1 개의 행이 만들어졌습니다.


1 개의 행이 만들어졌습니다.


1 개의 행이 만들어졌습니다.


1 개의 행이 만들어졌습니다.


1 개의 행이 만들어졌습니다.


1 개의 행이 만들어졌습니다.


1 개의 행이 만들어졌습니다.


1 개의 행이 만들어졌습니다.


1 개의 행이 만들어졌습니다.


1 개의 행이 만들어졌습니다.


1 개의 행이 만들어졌습니다.


1 개의 행이 만들어졌습니다.


1 개의 행이 만들어졌습니다.


1 개의 행이 만들어졌습니다.


1 개의 행이 만들어졌습니다.


1 개의 행이 만들어졌습니다.


1 개의 행이 만들어졌습니다.


1 개의 행이 만들어졌습니다.


1 개의 행이 만들어졌습니다.


1 개의 행이 만들어졌습니다.


1 개의 행이 만들어졌습니다.


1 개의 행이 만들어졌습니다.


1 개의 행이 만들어졌습니다.


1 개의 행이 만들어졌습니다.


1 개의 행이 만들어졌습니다.


1 개의 행이 만들어졌습니다.


1 개의 행이 만들어졌습니다.


1 개의 행이 만들어졌습니다.


1 개의 행이 만들어졌습니다.


1 개의 행이 만들어졌습니다.


1 개의 행이 만들어졌습니다.


1 개의 행이 만들어졌습니다.


1 개의 행이 만들어졌습니다.


1 개의 행이 만들어졌습니다.


1 개의 행이 만들어졌습니다.


1 개의 행이 만들어졌습니다.


1 개의 행이 만들어졌습니다.


1 개의 행이 만들어졌습니다.


1 개의 행이 만들어졌습니다.


1 개의 행이 만들어졌습니다.


1 개의 행이 만들어졌습니다.


1 개의 행이 만들어졌습니다.


1 개의 행이 만들어졌습니다.


1 개의 행이 만들어졌습니다.


1 개의 행이 만들어졌습니다.


1 개의 행이 만들어졌습니다.


1 개의 행이 만들어졌습니다.


1 개의 행이 만들어졌습니다.


1 개의 행이 만들어졌습니다.


1 개의 행이 만들어졌습니다.


1 개의 행이 만들어졌습니다.


1 개의 행이 만들어졌습니다.


1 개의 행이 만들어졌습니다.


1 개의 행이 만들어졌습니다.


1 개의 행이 만들어졌습니다.


1 개의 행이 만들어졌습니다.


1 개의 행이 만들어졌습니다.


1 개의 행이 만들어졌습니다.


1 개의 행이 만들어졌습니다.


1 개의 행이 만들어졌습니다.


1 개의 행이 만들어졌습니다.


1 개의 행이 만들어졌습니다.


1 개의 행이 만들어졌습니다.


1 개의 행이 만들어졌습니다.


1 개의 행이 만들어졌습니다.


1 개의 행이 만들어졌습니다.


1 개의 행이 만들어졌습니다.


1 개의 행이 만들어졌습니다.


1 개의 행이 만들어졌습니다.


1 개의 행이 만들어졌습니다.


1 개의 행이 만들어졌습니다.


1 개의 행이 만들어졌습니다.


1 개의 행이 만들어졌습니다.


1 개의 행이 만들어졌습니다.


1 개의 행이 만들어졌습니다.


1 개의 행이 만들어졌습니다.


1 개의 행이 만들어졌습니다.


1 개의 행이 만들어졌습니다.


1 개의 행이 만들어졌습니다.


1 개의 행이 만들어졌습니다.


1 개의 행이 만들어졌습니다.


1 개의 행이 만들어졌습니다.


1 개의 행이 만들어졌습니다.


1 개의 행이 만들어졌습니다.


1 개의 행이 만들어졌습니다.


1 개의 행이 만들어졌습니다.


1 개의 행이 만들어졌습니다.


1 개의 행이 만들어졌습니다.


1 개의 행이 만들어졌습니다.


1 개의 행이 만들어졌습니다.


1 개의 행이 만들어졌습니다.


1 개의 행이 만들어졌습니다.


1 개의 행이 만들어졌습니다.


1 개의 행이 만들어졌습니다.


1 개의 행이 만들어졌습니다.


1 개의 행이 만들어졌습니다.


1 개의 행이 만들어졌습니다.


1 개의 행이 만들어졌습니다.


1 개의 행이 만들어졌습니다.


1 개의 행이 만들어졌습니다.


1 개의 행이 만들어졌습니다.


1 개의 행이 만들어졌습니다.


1 개의 행이 만들어졌습니다.


1 개의 행이 만들어졌습니다.


1 개의 행이 만들어졌습니다.


1 개의 행이 만들어졌습니다.


1 개의 행이 만들어졌습니다.


1 개의 행이 만들어졌습니다.


1 개의 행이 만들어졌습니다.


1 개의 행이 만들어졌습니다.


1 개의 행이 만들어졌습니다.


1 개의 행이 만들어졌습니다.


1 개의 행이 만들어졌습니다.


1 개의 행이 만들어졌습니다.


1 개의 행이 만들어졌습니다.


1 개의 행이 만들어졌습니다.


1 개의 행이 만들어졌습니다.


1 개의 행이 만들어졌습니다.


1 개의 행이 만들어졌습니다.


1 개의 행이 만들어졌습니다.


1 개의 행이 만들어졌습니다.


1 개의 행이 만들어졌습니다.


1 개의 행이 만들어졌습니다.


1 개의 행이 만들어졌습니다.


1 개의 행이 만들어졌습니다.


1 개의 행이 만들어졌습니다.


1 개의 행이 만들어졌습니다.


1 개의 행이 만들어졌습니다.


1 개의 행이 만들어졌습니다.


1 개의 행이 만들어졌습니다.


1 개의 행이 만들어졌습니다.


1 개의 행이 만들어졌습니다.


1 개의 행이 만들어졌습니다.


1 개의 행이 만들어졌습니다.


1 개의 행이 만들어졌습니다.


1 개의 행이 만들어졌습니다.


1 개의 행이 만들어졌습니다.


1 개의 행이 만들어졌습니다.


1 개의 행이 만들어졌습니다.


1 개의 행이 만들어졌습니다.


1 개의 행이 만들어졌습니다.


1 개의 행이 만들어졌습니다.


1 개의 행이 만들어졌습니다.


1 개의 행이 만들어졌습니다.


1 개의 행이 만들어졌습니다.


1 개의 행이 만들어졌습니다.


1 개의 행이 만들어졌습니다.


1 개의 행이 만들어졌습니다.


1 개의 행이 만들어졌습니다.


1 개의 행이 만들어졌습니다.


1 개의 행이 만들어졌습니다.


1 개의 행이 만들어졌습니다.


1 개의 행이 만들어졌습니다.


1 개의 행이 만들어졌습니다.


1 개의 행이 만들어졌습니다.


1 개의 행이 만들어졌습니다.


1 개의 행이 만들어졌습니다.


1 개의 행이 만들어졌습니다.


1 개의 행이 만들어졌습니다.


1 개의 행이 만들어졌습니다.


1 개의 행이 만들어졌습니다.


1 개의 행이 만들어졌습니다.


1 개의 행이 만들어졌습니다.


1 개의 행이 만들어졌습니다.


1 개의 행이 만들어졌습니다.


1 개의 행이 만들어졌습니다.


1 개의 행이 만들어졌습니다.


1 개의 행이 만들어졌습니다.


1 개의 행이 만들어졌습니다.


1 개의 행이 만들어졌습니다.


1 개의 행이 만들어졌습니다.


1 개의 행이 만들어졌습니다.


1 개의 행이 만들어졌습니다.


1 개의 행이 만들어졌습니다.


1 개의 행이 만들어졌습니다.


1 개의 행이 만들어졌습니다.


1 개의 행이 만들어졌습니다.


1 개의 행이 만들어졌습니다.


1 개의 행이 만들어졌습니다.


1 개의 행이 만들어졌습니다.


1 개의 행이 만들어졌습니다.


1 개의 행이 만들어졌습니다.

SQL> delete from temp01;

1000 행이 삭제되었습니다.

SQL> truncate table temp01;

테이블이 잘렸습니다.

SQL> spool off
