SQL> select tname from tab;

TNAME                                                                           
------------------------------------------------------------                    
DEPT                                                                            
BONUS                                                                           
EMP                                                                             
SALGRADE                                                                        
TEMP01                                                                          
TEMP02                                                                          
TEMP03                                                                          
EMPCOPY                                                                         

8 개의 행이 선택되었습니다.

SQL> create table temp04(
  2  num number primary key,
  3  subject varchar2(9),
  4  content varchar2(9)
  5  );

테이블이 생성되었습니다.

SQL> insert into temp04 values (1,'test1','test');

1 개의 행이 만들어졌습니다.

SQL> insert into temp04 values (2,'test2','test');

1 개의 행이 만들어졌습니다.

SQL> insert into temp04 values (3,'test3','test');

1 개의 행이 만들어졌습니다.

SQL> insert into temp04 values ((select max(num)+1 from temp04),'test4','test');

1 개의 행이 만들어졌습니다.

SQL> 
SQL> insert into temp04 values ((select max(num)+1 from temp04),'test5','test');

1 개의 행이 만들어졌습니다.

SQL> insert into temp04 values ((select max(num)+1 from temp04),'test6','test');

1 개의 행이 만들어졌습니다.

SQL> insert into temp04 values ((select max(num)+1 from temp04),'test7','test');

1 개의 행이 만들어졌습니다.

SQL> select * from temp04;

       NUM SUBJECT            CONTENT                                           
---------- ------------------ ------------------                                
         1 test1              test                                              
         2 test2              test                                              
         3 test3              test                                              
         4 test4              test                                              
         5 test5              test                                              
         6 test6              test                                              
         7 test7              test                                              

7 개의 행이 선택되었습니다.

SQL> delete from temp04 where num=4;

1 행이 삭제되었습니다.

SQL> insert into temp04 values ((select max(num)+1 from temp04),'test8','test');

1 개의 행이 만들어졌습니다.

SQL> select * from temp04;

       NUM SUBJECT            CONTENT                                           
---------- ------------------ ------------------                                
         1 test1              test                                              
         2 test2              test                                              
         3 test3              test                                              
         5 test5              test                                              
         6 test6              test                                              
         7 test7              test                                              
         8 test8              test                                              

7 개의 행이 선택되었습니다.

SQL> delete from temp04 where num=8;

1 행이 삭제되었습니다.

SQL> insert into temp04 values ((select max(num)+1 from temp04),'test9','test');

1 개의 행이 만들어졌습니다.

SQL> select * from temp04;

       NUM SUBJECT            CONTENT                                           
---------- ------------------ ------------------                                
         1 test1              test                                              
         2 test2              test                                              
         3 test3              test                                              
         5 test5              test                                              
         6 test6              test                                              
         7 test7              test                                              
         8 test9              test                                              

7 개의 행이 선택되었습니다.

SQL> delete from temp04;

7 행이 삭제되었습니다.

SQL> create sequence temp04_seq;

시퀀스가 생성되었습니다.

SQL> insert into temp04 values (temp04_seq.nextval,'test1','test');

1 개의 행이 만들어졌습니다.

SQL> insert into temp04 values (temp04_seq.nextval,'test2','test');

1 개의 행이 만들어졌습니다.

SQL> insert into temp04 values (temp04_seq.nextval,'test3','test');

1 개의 행이 만들어졌습니다.

SQL> select * from temp04;

       NUM SUBJECT            CONTENT                                           
---------- ------------------ ------------------                                
         1 test1              test                                              
         2 test2              test                                              
         3 test3              test                                              

SQL> delete from temp04 where num=3;

1 행이 삭제되었습니다.

SQL> insert into temp04 values (temp04_seq.nextval,'test4','test');

1 개의 행이 만들어졌습니다.

SQL> select * from temp04;

       NUM SUBJECT            CONTENT                                           
---------- ------------------ ------------------                                
         1 test1              test                                              
         2 test2              test                                              
         4 test4              test                                              

SQL> select temp04_seq.nextval from dual;

   NEXTVAL                                                                      
----------                                                                      
         5                                                                      

SQL> select temp04_seq.nextval from dual;

   NEXTVAL                                                                      
----------                                                                      
         6                                                                      

SQL> select temp04_seq.nextval from dual;

   NEXTVAL                                                                      
----------                                                                      
         7                                                                      

SQL> select temp04_seq.preval from dual;
select temp04_seq.preval from dual
       *
1행에 오류:
ORA-00904: "TEMP04_SEQ"."PREVAL": 부적합한 식별자 


SQL> select temp04_seq.prevval from dual;
select temp04_seq.prevval from dual
       *
1행에 오류:
ORA-00904: "TEMP04_SEQ"."PREVVAL": 부적합한 식별자 


SQL> select temp04_seq.currval from dual;

   CURRVAL                                                                      
----------                                                                      
         7                                                                      

SQL> select temp04_seq.currval from dual;

   CURRVAL                                                                      
----------                                                                      
         7                                                                      

SQL> select temp04_seq.currval from dual;

   CURRVAL                                                                      
----------                                                                      
         7                                                                      

SQL> select temp04_seq.currval from dual;

   CURRVAL                                                                      
----------                                                                      
         7                                                                      

SQL> select temp04_seq.currval from dual;

   CURRVAL                                                                      
----------                                                                      
         7                                                                      

SQL> select temp04_seq.currval from dual;

   CURRVAL                                                                      
----------                                                                      
         7                                                                      

SQL> select temp04_seq.currval from dual;

   CURRVAL                                                                      
----------                                                                      
         7                                                                      

SQL> select temp04_seq.currval from dual;

   CURRVAL                                                                      
----------                                                                      
         7                                                                      

SQL> select temp04_seq.nextval from dual;

   NEXTVAL                                                                      
----------                                                                      
         8                                                                      

SQL> select temp04_seq.currval from dual;

   CURRVAL                                                                      
----------                                                                      
         8                                                                      

SQL> select temp04_seq.currval from dual;

   CURRVAL                                                                      
----------                                                                      
         8                                                                      

SQL> select temp04_seq.currval from dual;

   CURRVAL                                                                      
----------                                                                      
         8                                                                      

SQL> select temp04_seq.currval from dual;

   CURRVAL                                                                      
----------                                                                      
         8                                                                      

SQL> drop sequence temp04_seq;

시퀀스가 삭제되었습니다.

SQL> create sequence temp04_seq start with 5;

시퀀스가 생성되었습니다.

SQL> insert into temp04 values (temp04_seq.nextval,'test5','test');

1 개의 행이 만들어졌습니다.

SQL> select * from temp04;

       NUM SUBJECT            CONTENT                                           
---------- ------------------ ------------------                                
         1 test1              test                                              
         2 test2              test                                              
         4 test4              test                                              
         5 test5              test                                              

SQL> drop sequence temp04_seq;

시퀀스가 삭제되었습니다.

SQL> create sequence temp04_seq;

시퀀스가 생성되었습니다.

SQL> select temp04_seq.currval from dual;
select temp04_seq.currval from dual
       *
1행에 오류:
ORA-08002: 시퀀스 TEMP04_SEQ.CURRVAL은 이 세션에서는 정의 되어 있지 않습니다 


SQL> select temp04_seq.nextval from dual;

   NEXTVAL                                                                      
----------                                                                      
         1                                                                      

SQL> select temp04_seq.currval from dual;

   CURRVAL                                                                      
----------                                                                      
         1                                                                      

SQL> drop sequence temp04_seq;

시퀀스가 삭제되었습니다.

SQL> create sequence temp04_seq start with 6;

시퀀스가 생성되었습니다.

SQL> select temp04_seq.currval from dual;
select temp04_seq.currval from dual
       *
1행에 오류:
ORA-08002: 시퀀스 TEMP04_SEQ.CURRVAL은 이 세션에서는 정의 되어 있지 않습니다 


SQL> insert into temp04 values (temp04_seq.nextval,'test6','test');

1 개의 행이 만들어졌습니다.

SQL> select temp04_seq.currval from dual;

   CURRVAL                                                                      
----------                                                                      
         6                                                                      

SQL> drop sequence temp04_seq;

시퀀스가 삭제되었습니다.

SQL> create sequence temp04_seq start with 7 increment by 10;

시퀀스가 생성되었습니다.

SQL> insert into temp04 values (temp04_seq.nextval,'test7','test');

1 개의 행이 만들어졌습니다.

SQL> insert into temp04 values (temp04_seq.nextval,'test8','test');

1 개의 행이 만들어졌습니다.

SQL> select * from temp04;

       NUM SUBJECT            CONTENT                                           
---------- ------------------ ------------------                                
         6 test6              test                                              
         7 test7              test                                              
        17 test8              test                                              
         1 test1              test                                              
         2 test2              test                                              
         4 test4              test                                              
         5 test5              test                                              

7 개의 행이 선택되었습니다.

SQL> insert into temp04 values (temp04_seq.nextval,'test9','test');

1 개의 행이 만들어졌습니다.

SQL> select * from temp04;

       NUM SUBJECT            CONTENT                                           
---------- ------------------ ------------------                                
         6 test6              test                                              
         7 test7              test                                              
        17 test8              test                                              
        27 test9              test                                              
         1 test1              test                                              
         2 test2              test                                              
         4 test4              test                                              
         5 test5              test                                              

8 개의 행이 선택되었습니다.

SQL> create sequence temp_seq maxvalue 10 minvalue 5 cycle nocache;

시퀀스가 생성되었습니다.

SQL> select temp_seq.nextval from dual;

   NEXTVAL                                                                      
----------                                                                      
         5                                                                      

SQL> select temp_seq.nextval from dual;

   NEXTVAL                                                                      
----------                                                                      
         6                                                                      

SQL> select temp_seq.nextval from dual;

   NEXTVAL                                                                      
----------                                                                      
         7                                                                      

SQL> select temp_seq.nextval from dual;

   NEXTVAL                                                                      
----------                                                                      
         8                                                                      

SQL> select temp_seq.nextval from dual;

   NEXTVAL                                                                      
----------                                                                      
         9                                                                      

SQL> select temp_seq.nextval from dual;

   NEXTVAL                                                                      
----------                                                                      
        10                                                                      

SQL> select temp_seq.nextval from dual;

   NEXTVAL                                                                      
----------                                                                      
         5                                                                      

SQL> select temp_seq.nextval from dual;

   NEXTVAL                                                                      
----------                                                                      
         6                                                                      

SQL> select temp_seq.nextval from dual;

   NEXTVAL                                                                      
----------                                                                      
         7                                                                      

SQL> select temp_seq.nextval from dual;

   NEXTVAL                                                                      
----------                                                                      
         8                                                                      

SQL> select temp_seq.nextval from dual;

   NEXTVAL                                                                      
----------                                                                      
         9                                                                      

SQL> select temp_seq.nextval from dual;

   NEXTVAL                                                                      
----------                                                                      
        10                                                                      

SQL> select temp_seq.nextval from dual;

   NEXTVAL                                                                      
----------                                                                      
         5                                                                      

SQL> select temp_seq.nextval from dual;

   NEXTVAL                                                                      
----------                                                                      
         6                                                                      

SQL> select temp_seq.nextval from dual;

   NEXTVAL                                                                      
----------                                                                      
         7                                                                      

SQL> select temp_seq.nextval from dual;

   NEXTVAL                                                                      
----------                                                                      
         8                                                                      

SQL> select temp_seq.nextval from dual;

   NEXTVAL                                                                      
----------                                                                      
         9                                                                      

SQL> select temp_seq.nextval from dual;

   NEXTVAL                                                                      
----------                                                                      
        10                                                                      

SQL> 
SQL> select temp_seq.nextval from dual;

   NEXTVAL                                                                      
----------                                                                      
         5                                                                      

SQL> create sequence temp2_seq start with 1 maxvalue 10 minvalue 5 cycle nocache;
create sequence temp2_seq start with 1 maxvalue 10 minvalue 5 cycle nocache
*
1행에 오류:
ORA-04006: START WITH 에 MINVALUE 보다 작은 값은 지정할 수 없습니다 


SQL> create sequence temp2_seq start with 8 maxvalue 10 minvalue 5 cycle nocache;

시퀀스가 생성되었습니다.

SQL> select temp2_seq.nextval from dual;

   NEXTVAL                                                                      
----------                                                                      
         8                                                                      

SQL> select temp2_seq.nextval from dual;

   NEXTVAL                                                                      
----------                                                                      
         9                                                                      

SQL> select temp2_seq.nextval from dual;

   NEXTVAL                                                                      
----------                                                                      
        10                                                                      

SQL> select temp2_seq.nextval from dual;

   NEXTVAL                                                                      
----------                                                                      
         5                                                                      

SQL> spool off
